2026-05-06 22:49:59 INFO: Windows Security Scan startar
2026-05-06 22:49:59 INFO: Tjänster exporterade till ../data/windows_output.csv
2026-05-06 22:49:59 INFO: Windows Security Scan färdig
2026-05-07 01:06:36 INFO: Startar Linux Security Scanner
2026-05-07 01:06:36 INFO: Hämtar aktiva processer...
2026-05-07 01:06:36 INFO: Analyserar processer mot risklista...
2026-05-07 01:06:36 INFO: Exporterar JSON...
2026-05-07 01:06:36 INFO: JSON skapad: /c/Users/pelli/Desktop/GITHUB/itsec-shell-automation/examination/data/linux_output.json
2026-05-07 01:06:36 INFO: Scan klar
2026-05-07 01:07:06 INFO: Windows Security Scan startar
2026-05-07 01:07:06 INFO: Tjänster exporterade till C:\Users\pelli\Desktop\GITHUB\itsec-shell-automation\examination\powershell\..\data\windows_output.csv
2026-05-07 01:07:06 INFO: Windows Security Scan färdig
2026-05-07 01:09:02 INFO: Windows Security Scan startar
2026-05-07 01:09:02 INFO: Tjänster exporterade till C:\Users\pelli\Desktop\GITHUB\itsec-shell-automation\examination\powershell\..\data\windows_output.csv
2026-05-07 01:09:02 INFO: Windows Security Scan färdig
2026-05-07 01:14:02 INFO: Windows Security Scan startar
2026-05-07 01:14:02 INFO: Tjänster exporterade till C:\Users\pelli\Desktop\GITHUB\itsec-shell-automation\examination\powershell\..\data\windows_output.csv
2026-05-07 01:14:02 INFO: Windows Security Scan färdig
2026-05-07 01:15:17 INFO: Windows Security Scan startar
2026-05-07 01:15:17 INFO: Tjänster exporterade till C:\Users\pelli\Desktop\GITHUB\itsec-shell-automation\examination\powershell\..\data\windows_output.csv
2026-05-07 01:15:17 INFO: Windows Security Scan färdig
2026-05-07 01:16:57 INFO: Windows Security Scan startar
2026-05-07 01:16:57 WARN: Administratörsgruppen hittades inte på detta system.
2026-05-07 01:16:57 INFO: Tjänster exporterade till C:\Users\pelli\Desktop\GITHUB\itsec-shell-automation\examination\powershell\..\data\windows_output.csv
2026-05-07 01:16:57 INFO: Windows Security Scan färdig
2026-05-07 01:47:51 INFO: Startar Linux Security Scanner
2026-05-07 01:47:51 INFO: Hämtar aktiva processer...
2026-05-07 01:47:51 INFO: Analyserar processer mot risklista...
2026-05-07 01:47:51 INFO: Exporterar JSON...
2026-05-07 01:47:51 INFO: JSON skapad: /c/Users/pelli/Desktop/GITHUB/itsec-shell-automation/examination/data/linux_output.json
2026-05-07 01:47:51 INFO: Scan klar: 2026-05-07 01:47:51
2026-05-07 01:49:01 INFO: Windows Security Scan startar: 05/07/2026 01:49:01
2026-05-07 01:49:01 WARN: Administratörsgruppen hittades inte på detta system.
2026-05-07 01:49:01 INFO: Tjänster exporterade till C:\Users\pelli\Desktop\GITHUB\itsec-shell-automation\examination\powershell\..\data\windows_output.csv
2026-05-07 01:49:01 INFO: Windows Security Scan avslutad: 05/07/2026 01:49:01
